// Jest Snapshot v1, https://goo.gl/fbAQLP

exports[`ContactDetails renders correctly 1`] = `ShallowWrapper {}`;

exports[`ContactDetails renders correctly 2`] = `ShallowWrapper {}`;
