// Jest Snapshot v1, https://goo.gl/fbAQLP

exports[`ContactFormFields renders correctly 1`] = `
Array [
  <div
    className="form-group"
  >
    <label
      className="form-label"
      htmlFor="formFirstName"
    >
      First Name *
    </label>
    <input
      className="form-control"
      id="formFirstName"
      name="firstName"
      placeholder="John"
      type="text"
      value="John"
    />
  </div>,
  <div
    className="form-group"
  >
    <label
      className="form-label"
      htmlFor="formLastName"
    >
      Last Name *
    </label>
    <input
      className="form-control"
      id="formLastName"
      name="lastName"
      placeholder="Smith"
      type="text"
      value="Smith"
    />
  </div>,
  <div
    className="form-group"
  >
    <label
      className="form-label"
      htmlFor="formEmail"
    >
      Email *
    </label>
    <input
      className="form-control"
      id="formEmail"
      name="email"
      placeholder="john@email.com"
      type="text"
      value="js@js.com"
    />
  </div>,
  <div
    className="form-group"
  >
    <label
      className="form-label"
      htmlFor="formCaseRole"
    >
      Court Role *
    </label>
    <br />
    <div
      className="btn-group btn-group-sm btn-group-toggle"
      role="group"
    >
      <label
        className="btn btn-outline-primary"
        disabled={false}
      >
        <input
          autoComplete="off"
          checked={false}
          disabled={false}
          name="caseRole"
          onBlur={[Function]}
          onChange={[Function]}
          onFocus={[Function]}
          type="radio"
          value="Accused"
        />
        Accused
      </label>
      <label
        className="btn btn-outline-primary"
        disabled={false}
      >
        <input
          autoComplete="off"
          checked={false}
          disabled={false}
          name="caseRole"
          onBlur={[Function]}
          onChange={[Function]}
          onFocus={[Function]}
          type="radio"
          value="Barrister"
        />
        Barrister
      </label>
      <label
        className="btn btn-outline-primary"
        disabled={false}
      >
        <input
          autoComplete="off"
          checked={false}
          disabled={false}
          name="caseRole"
          onBlur={[Function]}
          onChange={[Function]}
          onFocus={[Function]}
          type="radio"
          value="Judge"
        />
        Judge
      </label>
      <label
        className="btn btn-outline-primary"
        disabled={false}
      >
        <input
          autoComplete="off"
          checked={false}
          disabled={false}
          name="caseRole"
          onBlur={[Function]}
          onChange={[Function]}
          onFocus={[Function]}
          type="radio"
          value="Prosecutor"
        />
        Prosecutor
      </label>
    </div>
  </div>,
]
`;
