// Jest Snapshot v1, https://goo.gl/fbAQLP

exports[`DashoardButton renders correctly 1`] = `ShallowWrapper {}`;
