// Jest Snapshot v1, https://goo.gl/fbAQLP

exports[`LinkedIcon renders correctly 1`] = `ShallowWrapper {}`;
