// Jest Snapshot v1, https://goo.gl/fbAQLP

exports[`SVGIcon renders correctly 1`] = `ShallowWrapper {}`;

exports[`SVGIcon renders correctly 2`] = `ShallowWrapper {}`;
